[{"Name":"bla1","Values":[1,2,3],"Barbi":{"Bla":"blabla","Env":{"ACCOUNT":"1234","ID":"4321","OTHER":"STUFF"}}},{"Name":"bla2","Values":[1],"Barbi":{"Bla":"XXX","Env":{"ACCOUNT":"1234","OTHER":"ABCD"}}}]