{"Name":"newvalue","Values":[7],"Barbi":{"Bla":"bldsabldsa","Env":null}}